// Jest Snapshot v1, https://goo.gl/fbAQLP

exports[`snapshot 1`] = `
<details>
  <summary>
    Add credit
  </summary>
  <form
    onSubmit={[Function]}
  >
    <fieldset>
      <ol>
        <li
          className="string input optional stringish"
        >
          <label
            className="label"
            htmlFor="credit_entry_memo"
          >
            Memo
          </label>
          <input
            type="text"
          />
        </li>
        <li
          className="number input optional numeric stringish"
        >
          <label
            className="label"
            htmlFor="credit_entry_quantity"
          >
            Quantity
          </label>
          <input
            step="any"
            type="number"
          />
        </li>
        <li
          className="number input optional numeric stringish"
        >
          <label
            className="label"
            htmlFor="credit_entry_good_for_weeks"
          >
            Good for weeks
          </label>
          <input
            step="any"
            type="number"
          />
        </li>
      </ol>
    </fieldset>
    <fieldset>
      <ol>
        <li
          className="action input_action "
          id="credit_entry_submit_action"
        >
          <input
            type="submit"
            value="Add credit"
          />
        </li>
      </ol>
    </fieldset>
  </form>
</details>
`;
