// Jest Snapshot v1, https://goo.gl/fbAQLP

exports[`Menu snapshot 1`] = `
<Fragment>
  <User
    user={
      Object {
        "breadsPerWeek": 1,
        "credits": 9,
        "email": "kyle.p.fritz@gmail.com",
        "hashid": "Dot9gKn9w",
        "id": 584273342,
        "name": "Kyle Fritz",
        "pickupDay": "Tuesday",
      }
    }
  />
  <h2>
    week 5
  </h2>
  <_default
    bakersNote="Orci varius"
  />
  <h5>
    We'd love your feedback on last week's loaf.
  </h5>
  <div
    className="row mt-3 mb-5"
  >
    <div
      className="col"
    >
      <textarea
        className="form-control"
        onChange={[Function]}
        placeholder="What did you think?"
      />
    </div>
  </div>
  <h5>
    Pickup day
  </h5>
  <div
    className="row mt-3"
  >
    <Day
      checked={true}
      description="11am to 7pm"
      name="thursday"
      onChange={[Function]}
    />
    <Day
      description="11am to 7pm"
      name="saturday"
      onChange={[Function]}
    />
  </div>
  <h5>
    Items
  </h5>
  <div
    className="row mt-3"
  >
    <Item
      description=""
      id={3}
      image="bread-baguette.jpg"
      isAddOn={false}
      key="3"
      menuItemId={993690591}
      name="Baguette"
      onChange={[Function]}
    />
    <Item
      description="Mix of modern wheats and ancient Einkorn for the best of both worlds."
      id={1}
      image="bread2-002.webp"
      isAddOn={false}
      key="1"
      menuItemId={993690592}
      name="Classic"
      onChange={[Function]}
    />
    <Item
      description="Skip this week."
      id={0}
      isAddOn={false}
      key="0"
      menuItemId={0}
      name="Skip"
      onChange={[Function]}
    />
  </div>
  <h5>
    Add-Ons
  </h5>
  <div
    className="row mt-3 mb-5"
  >
    <div
      className="col"
    >
      <AddOn
        description="Mix of modern wheats and ancient Einkorn for the best of both worlds."
        id={1}
        image="bread2-002.webp"
        isAddOn={true}
        key="1"
        menuItemId={993690592}
        name="Classic"
        onChange={[Function]}
      />
      <AddOn
        description=""
        id={3}
        image="bread-baguette.jpg"
        isAddOn={true}
        key="3"
        menuItemId={993690591}
        name="Baguette"
        onChange={[Function]}
      />
    </div>
  </div>
  <h5>
    Special Requests
  </h5>
  <div
    className="row mt-3 mb-5"
  >
    <div
      className="col"
    >
      <textarea
        className="form-control"
        onChange={[Function]}
        placeholder="Special requests or concerns"
      />
    </div>
  </div>
  <div
    className="row mt-3 mb-5"
  >
    <div
      className="col"
    >
      <button
        className="btn btn-primary btn-lg btn-block"
        disabled={false}
        onClick={[Function]}
        title={null}
        type="submit"
      >
        Submit Order
      </button>
    </div>
  </div>
  <User
    user={
      Object {
        "breadsPerWeek": 1,
        "credits": 9,
        "email": "kyle.p.fritz@gmail.com",
        "hashid": "Dot9gKn9w",
        "id": 584273342,
        "name": "Kyle Fritz",
        "pickupDay": "Tuesday",
      }
    }
  />
</Fragment>
`;
