// Jest Snapshot v1, https://goo.gl/fbAQLP

exports[`Order snapshot 1`] = `
<Fragment>
  <h2
    className="mt-5 mb-4"
  >
    We got your order!
  </h2>
  <CartWrapper
    cart={
      Array [
        Object {
          "day": "Tuesday",
          "day1Pickup": true,
          "itemId": 3,
          "quantity": 1,
        },
        Object {
          "day": "Thursday",
          "day1Pickup": true,
          "itemId": 1,
          "quantity": 1,
        },
      ]
    }
    menu={
      Object {
        "bakersNote": "Orci varius",
        "createdAt": "2019-11-02T14:01:23.820-04:00",
        "deadline": "2019-11-03T23:59:59.000-04:00",
        "deadlineDay": "Sunday",
        "id": 921507399,
        "isCurrent": true,
        "items": Array [
          Object {
            "description": "",
            "id": 3,
            "image": "bread-baguette.jpg",
            "name": "Baguette",
          },
          Object {
            "description": "Mix of modern wheats and ancient Einkorn for the best of both worlds.",
            "id": 1,
            "image": "bread2-002.webp",
            "name": "Classic",
          },
          Object {
            "description": "Skip this week.",
            "id": 0,
            "name": "Skip",
          },
        ],
        "name": "week 5",
      }
    }
    skip={false}
  />
  <div
    className="ml-2 mt-3"
  >
    <h6>
      Feedback
    </h6>
    <p>
      <em>
        none
      </em>
    </p>
    <h6>
      Comments & Special Requests
    </h6>
    <p>
      <em>
        none
      </em>
    </p>
  </div>
  <User
    deadlineDay="Sunday"
    user={
      Object {
        "breadsPerWeek": 1,
        "credits": 9,
        "email": "kyle.p.fritz@gmail.com",
        "hashid": "Dot9gKn9w",
        "id": 584273342,
        "name": "Kyle Fritz",
      }
    }
  />
  <hr
    className="mb-5"
  />
  <h2
    className="mt-3 mb-5"
  >
    week 5
  </h2>
  <BakersNote
    bakersNote="Orci varius"
  />
</Fragment>
`;
