// Jest Snapshot v1, https://goo.gl/fbAQLP

exports[`Preview snapshot 1`] = `
<Fragment>
  <h2>
    week 5
  </h2>
  <_default
    bakersNote="Orci varius"
  />
  <h5>
    Items
  </h5>
  <div
    className="row mt-3"
  >
    <Item
      description=""
      id={3}
      image="bread-baguette.jpg"
      key="3"
      name="Baguette"
    />
    <Item
      description="Mix of modern wheats and ancient Einkorn for the best of both worlds."
      id={1}
      image="bread2-002.webp"
      key="1"
      name="Classic"
    />
    <Item
      description="Skip this week."
      id={0}
      key="0"
      name="Skip"
    />
  </div>
</Fragment>
`;
