// Jest Snapshot v1, https://goo.gl/fbAQLP

exports[`snapshot 1`] = `
<Fragment>
  <div
    className="row"
  >
    <div
      className="col"
    >
      <h5
        className="text-center"
      >
        Subscriber
      </h5>
      <div
        className="text-center mb-2"
      >
        <div
          className="subscriber-info"
        >
          kyle
        </div>
        <div>
          <small
            className="ml-2"
          >
            <a
              className="text-nowrap"
              href="/signout"
            >
              Not you?
            </a>
          </small>
        </div>
      </div>
    </div>
    <div
      className="col"
    >
      <h5
        className="text-center"
      >
        Frequency
      </h5>
      <p
        className="text-center subscriber-info"
        title={1}
      >
        Every week
      </p>
    </div>
    <div
      className="col"
    >
      <h5
        className="text-center"
      >
        Order By
      </h5>
      <p
        className="text-center subscriber-info"
      >
        Sunday
         Midnight
      </p>
    </div>
    <div
      className="col"
    >
      <h5
        className="text-center"
      >
        Credits
      </h5>
      <p
        className="text-center"
      >
        <div
          className="subscriber-info"
        >
          6
        </div>
      </p>
    </div>
  </div>
</Fragment>
`;
